github.com/Hans-Einar/SDP/SystemDesignLanguage/go/bridge
github.com/Hans-Einar/SDP/SystemDesignLanguage/go/bridge/cmd/smoke
github.com/Hans-Einar/SDP/SystemDesignLanguage/go/broker
github.com/Hans-Einar/SDP/SystemDesignLanguage/go/cmd/sdl
github.com/Hans-Einar/SDP/SystemDesignLanguage/go/cmd/sdl-compiled
github.com/Hans-Einar/SDP/SystemDesignLanguage/go/cmd/sdl-compiled-fyne
github.com/Hans-Einar/SDP/SystemDesignLanguage/go/cmd/sdl-demo
github.com/Hans-Einar/SDP/SystemDesignLanguage/go/cmd/sdl-dev
github.com/Hans-Einar/SDP/SystemDesignLanguage/go/cmd/sdl-document
github.com/Hans-Einar/SDP/SystemDesignLanguage/go/cmd/sdl-gen
github.com/Hans-Einar/SDP/SystemDesignLanguage/go/cmd/sdl-simulate
github.com/Hans-Einar/SDP/SystemDesignLanguage/go/cmd/sdl-view-request
github.com/Hans-Einar/SDP/SystemDesignLanguage/go/cmd/sdl-viewsd
github.com/Hans-Einar/SDP/SystemDesignLanguage/go/codegen
github.com/Hans-Einar/SDP/SystemDesignLanguage/go/devhost
github.com/Hans-Einar/SDP/SystemDesignLanguage/go/documents
github.com/Hans-Einar/SDP/SystemDesignLanguage/go/examples/application
github.com/Hans-Einar/SDP/SystemDesignLanguage/go/examples/collections
github.com/Hans-Einar/SDP/SystemDesignLanguage/go/examples/collections/cmd/native
github.com/Hans-Einar/SDP/SystemDesignLanguage/go/examples/commands
github.com/Hans-Einar/SDP/SystemDesignLanguage/go/examples/commands/cmd/native
github.com/Hans-Einar/SDP/SystemDesignLanguage/go/examples/generatedmodel
github.com/Hans-Einar/SDP/SystemDesignLanguage/go/examples/panes
github.com/Hans-Einar/SDP/SystemDesignLanguage/go/examples/panes/cmd/native
github.com/Hans-Einar/SDP/SystemDesignLanguage/go/examples/simulation
github.com/Hans-Einar/SDP/SystemDesignLanguage/go/examples/text
github.com/Hans-Einar/SDP/SystemDesignLanguage/go/examples/text/cmd/native
github.com/Hans-Einar/SDP/SystemDesignLanguage/go/examples/values
github.com/Hans-Einar/SDP/SystemDesignLanguage/go/examples/values/cmd/native
github.com/Hans-Einar/SDP/SystemDesignLanguage/go/parser
github.com/Hans-Einar/SDP/SystemDesignLanguage/go/reader
github.com/Hans-Einar/SDP/SystemDesignLanguage/go/reload
github.com/Hans-Einar/SDP/SystemDesignLanguage/go/runtime
github.com/Hans-Einar/SDP/SystemDesignLanguage/go/snapshot
github.com/Hans-Einar/SDP/SystemDesignLanguage/go/sourcegraph
github.com/Hans-Einar/SDP/SystemDesignLanguage/go/viewpoint
