source-head exit 0
source-status exit 0
consumer-head exit 0
compiler exit 0
compiler-environment exit 0
glfw-patch-verification exit 0
sdptool-package exit 0
consumer-helper-recipe exit 0
sdui-cli exit 0
fixture-collections exit 0
fixture-panes exit 0
fixture-commands exit 0
fixture-values exit 0
fixture-text exit 0
fixture-previews exit 0
module-graph-sdptool exit 0
compiled-dependencies-sdptool exit 0
module-graph-helpers exit 0
compiled-dependencies-helpers exit 0
module-graph-fixtures exit 0
compiled-dependencies-fixtures exit 0
goroot exit 0
bin-sdptool-build-info exit 0
bin-sdui-build-info exit 0
libexec-xfmd-sdui-preview-build-info exit 0
libexec-xfmd-sdui-fyne-build-info exit 0
libexec-sdui-collections-build-info exit 0
libexec-sdui-panes-build-info exit 0
libexec-sdui-commands-build-info exit 0
libexec-sdui-values-build-info exit 0
libexec-sdui-text-build-info exit 0
libexec-sdui-previews-build-info exit 0
Prepared /tmp/wci4-package-candidate2
