PASS multiline clipboard preserves Unicode and line breaks
PASS ordinary multiline Return inserts a line without Save
PASS Primary Return commits exact multiline text once
PASS native copy round trips exact Unicode and newlines
PASS native Cut changes draft only
PASS Undo restores exact cut text
PASS native teardown closes session and clears provider barriers
Traceback (most recent call last):
  File "/home/warloc/git/SDP-vNow/SDP/05--Implementation/SDUI/Widgets/native/verify_wci3_text.py", line 375, in <module>
    if __name__=='__main__':main()
                            ^^^^^^
  File "/home/warloc/git/SDP-vNow/SDP/05--Implementation/SDUI/Widgets/native/verify_wci3_text.py", line 366, in main
    getattr(trial,args.variant)()
  File "/home/warloc/git/SDP-vNow/SDP/05--Implementation/SDUI/Widgets/native/verify_wci3_text.py", line 145, in multiline
    self.undo(MULTI,'',redo=True)
  File "/home/warloc/git/SDP-vNow/SDP/05--Implementation/SDUI/Widgets/native/verify_wci3_text.py", line 109, in undo
    return self.changed(lambda d:self.draft(d,path)==text,cursor)
           ^^^^^^^^^^^^^^^^^^^^^^^^^^^^^^^^^^^^^^^^^^^^^^^^^^^^^^
  File "/home/warloc/git/SDP-vNow/SDP/05--Implementation/SDUI/Widgets/native/verify_wci3_values.py", line 76, in changed
    super().changed(predicate,after)
  File "/home/warloc/git/SDP-vNow/SDP/05--Implementation/SDUI/Widgets/native/verify_wci1.py", line 95, in changed
    return self.wait(lambda e: e['event'] == 'state' and predicate(e['data']), after)['data']
           ^^^^^^^^^^^^^^^^^^^^^^^^^^^^^^^^^^^^^^^^^^^^^^^^^^^^^^^^^^^^^^^^^^^^^^^^^^
  File "/home/warloc/git/SDP-vNow/SDP/05--Implementation/SDUI/Widgets/native/verify_wci1.py", line 79, in wait
    raise AssertionError('Expected fixture event not observed')
AssertionError: Expected fixture event not observed
